br\com\logdash\backoffice_backend\catalog\infrastructure\listener\CatalogEventListener.class
br\com\logdash\backoffice_backend\catalog\infrastructure\persistence\ProductRepositoryImpl.class
br\com\logdash\backoffice_backend\communication\application\dto\ChatChannelResponse.class
br\com\logdash\backoffice_backend\communication\domain\repository\MessageRepository.class
br\com\logdash\backoffice_backend\delivery\domain\event\DeliveryCompletedEvent.class
br\com\logdash\backoffice_backend\delivery\domain\valueobject\DeliveryStatus.class
br\com\logdash\backoffice_backend\communication\application\dto\SendMessageRequest.class
br\com\logdash\backoffice_backend\delivery\presentation\controller\CourierController.class
br\com\logdash\backoffice_backend\orders\application\service\OrderApplicationService.class
br\com\logdash\backoffice_backend\communication\infrastructure\persistence\MessageJpaRepository.class
br\com\logdash\backoffice_backend\reporting\application\dto\DashboardResponse$TopProductResponse.class
br\com\logdash\backoffice_backend\Startup.class
br\com\logdash\backoffice_backend\catalog\domain\repository\ProductRepository.class
br\com\logdash\backoffice_backend\orders\domain\model\OrderItem.class
br\com\logdash\backoffice_backend\catalog\domain\valueobject\ProductImage.class
br\com\logdash\backoffice_backend\communication\domain\repository\ChatChannelRepository.class
br\com\logdash\backoffice_backend\delivery\infrastructure\listener\DeliveryEventListener.class
br\com\logdash\backoffice_backend\catalog\infrastructure\persistence\CategoryJpaRepository.class
br\com\logdash\backoffice_backend\orders\domain\repository\OrderRepository.class
br\com\logdash\backoffice_backend\shared\application\exception\InvalidStateException.class
br\com\logdash\backoffice_backend\orders\application\dto\OrderResponse$OrderItemResponse$OrderItemResponseBuilder.class
br\com\logdash\backoffice_backend\catalog\application\dto\ProductRequest.class
br\com\logdash\backoffice_backend\delivery\domain\event\DeliveryAssignedEvent.class
br\com\logdash\backoffice_backend\delivery\domain\repository\CourierRepository.class
br\com\logdash\backoffice_backend\shared\infrastructure\config\WebSocketConfig.class
br\com\logdash\backoffice_backend\shared\application\exception\ResourceNotFoundException.class
br\com\logdash\backoffice_backend\catalog\application\dto\CategoryResponse$CategoryResponseBuilder.class
br\com\logdash\backoffice_backend\catalog\application\service\ProductApplicationService.class
br\com\logdash\backoffice_backend\catalog\presentation\controller\ProductController.class
br\com\logdash\backoffice_backend\orders\infrastructure\persistence\OrderRepositoryImpl.class
br\com\logdash\backoffice_backend\communication\domain\event\MessageSentEvent.class
br\com\logdash\backoffice_backend\communication\application\dto\ChatChannelResponse$ChatChannelResponseBuilder.class
br\com\logdash\backoffice_backend\communication\domain\valueobject\ParticipantType.class
br\com\logdash\backoffice_backend\communication\domain\model\ChatChannel.class
br\com\logdash\backoffice_backend\reporting\application\dto\DashboardResponse$DashboardResponseBuilder.class
br\com\logdash\backoffice_backend\orders\presentation\controller\OrderController.class
br\com\logdash\backoffice_backend\orders\application\dto\OrderResponse$OrderItemResponse.class
br\com\logdash\backoffice_backend\orders\domain\valueobject\CustomerInfo.class
br\com\logdash\backoffice_backend\shared\domain\ValueObject.class
br\com\logdash\backoffice_backend\reporting\application\dto\SalesReportResponse.class
br\com\logdash\backoffice_backend\delivery\application\dto\CourierResponse$CourierResponseBuilder.class
br\com\logdash\backoffice_backend\catalog\domain\valueobject\ProductStatus.class
br\com\logdash\backoffice_backend\delivery\domain\model\Delivery.class
br\com\logdash\backoffice_backend\delivery\domain\valueobject\Vehicle.class
br\com\logdash\backoffice_backend\communication\domain\service\ChatDomainService.class
br\com\logdash\backoffice_backend\delivery\domain\event\CourierRegisteredEvent.class
br\com\logdash\backoffice_backend\catalog\application\dto\CategoryRequest.class
br\com\logdash\backoffice_backend\communication\domain\model\Message.class
br\com\logdash\backoffice_backend\communication\application\dto\MessageResponse.class
br\com\logdash\backoffice_backend\orders\infrastructure\persistence\OrderJpaRepository.class
br\com\logdash\backoffice_backend\communication\presentation\controller\ChatController.class
br\com\logdash\backoffice_backend\delivery\presentation\controller\DeliveryController.class
br\com\logdash\backoffice_backend\catalog\domain\service\ProductDomainService.class
br\com\logdash\backoffice_backend\communication\domain\event\ChatChannelCreatedEvent.class
br\com\logdash\backoffice_backend\orders\domain\event\OrderAcceptedEvent.class
br\com\logdash\backoffice_backend\delivery\application\dto\CourierResponse.class
br\com\logdash\backoffice_backend\orders\application\dto\OrderResponse.class
br\com\logdash\backoffice_backend\reporting\application\dto\DashboardResponse.class
br\com\logdash\backoffice_backend\delivery\application\dto\CourierRequest.class
br\com\logdash\backoffice_backend\reporting\application\dto\SalesReportResponse$SalesReportResponseBuilder.class
br\com\logdash\backoffice_backend\shared\domain\DomainEvent.class
br\com\logdash\backoffice_backend\catalog\infrastructure\persistence\ProductJpaRepository.class
br\com\logdash\backoffice_backend\communication\infrastructure\listener\CommunicationEventListener.class
br\com\logdash\backoffice_backend\shared\infrastructure\event\DomainEventPublisher.class
br\com\logdash\backoffice_backend\delivery\application\service\DeliveryApplicationService.class
br\com\logdash\backoffice_backend\communication\application\dto\MessageResponse$MessageResponseBuilder.class
br\com\logdash\backoffice_backend\catalog\domain\model\Stock.class
br\com\logdash\backoffice_backend\orders\application\dto\CreateOrderRequest.class
br\com\logdash\backoffice_backend\catalog\application\dto\CategoryResponse.class
br\com\logdash\backoffice_backend\catalog\application\dto\ProductResponse.class
br\com\logdash\backoffice_backend\orders\domain\event\OrderAcceptedEvent$OrderItemInfo.class
br\com\logdash\backoffice_backend\orders\application\dto\RejectOrderRequest.class
br\com\logdash\backoffice_backend\orders\domain\event\OrderRejectedEvent.class
br\com\logdash\backoffice_backend\reporting\domain\model\SalesReport.class
br\com\logdash\backoffice_backend\delivery\infrastructure\persistence\DeliveryJpaRepository.class
br\com\logdash\backoffice_backend\communication\domain\valueobject\Participant.class
br\com\logdash\backoffice_backend\delivery\domain\repository\DeliveryRepository.class
br\com\logdash\backoffice_backend\delivery\application\dto\CreateDeliveryRequest.class
br\com\logdash\backoffice_backend\communication\application\service\ChatApplicationService.class
br\com\logdash\backoffice_backend\catalog\domain\event\ProductCreatedEvent.class
br\com\logdash\backoffice_backend\delivery\infrastructure\persistence\DeliveryRepositoryImpl.class
br\com\logdash\backoffice_backend\catalog\application\dto\ProductResponse$ProductResponseBuilder.class
br\com\logdash\backoffice_backend\delivery\infrastructure\persistence\CourierJpaRepository.class
br\com\logdash\backoffice_backend\delivery\domain\valueobject\CourierStatus.class
br\com\logdash\backoffice_backend\reporting\domain\model\SalesReport$SalesReportBuilder.class
br\com\logdash\backoffice_backend\catalog\domain\valueobject\Money.class
br\com\logdash\backoffice_backend\catalog\infrastructure\persistence\CategoryRepositoryImpl.class
br\com\logdash\backoffice_backend\orders\domain\valueobject\Address.class
br\com\logdash\backoffice_backend\delivery\domain\service\DeliveryDomainService.class
br\com\logdash\backoffice_backend\catalog\domain\repository\CategoryRepository.class
br\com\logdash\backoffice_backend\catalog\domain\event\StockChangedEvent.class
br\com\logdash\backoffice_backend\delivery\infrastructure\persistence\CourierRepositoryImpl.class
br\com\logdash\backoffice_backend\orders\domain\event\OrderCreatedEvent.class
br\com\logdash\backoffice_backend\orders\domain\service\OrderDomainService.class
br\com\logdash\backoffice_backend\shared\infrastructure\config\OpenApiConfig.class
br\com\logdash\backoffice_backend\shared\infrastructure\config\SecurityConfig.class
br\com\logdash\backoffice_backend\catalog\domain\model\Product.class
br\com\logdash\backoffice_backend\shared\application\exception\GlobalExceptionHandler.class
br\com\logdash\backoffice_backend\reporting\presentation\controller\ReportingController.class
br\com\logdash\backoffice_backend\shared\infrastructure\config\DatabaseConfig.class
br\com\logdash\backoffice_backend\reporting\infrastructure\persistence\ReportingRepository.class
br\com\logdash\backoffice_backend\delivery\application\dto\DeliveryResponse.class
br\com\logdash\backoffice_backend\orders\domain\event\OrderStatusChangedEvent.class
br\com\logdash\backoffice_backend\orders\infrastructure\listener\OrderEventListener.class
br\com\logdash\backoffice_backend\communication\infrastructure\persistence\ChatChannelRepositoryImpl.class
br\com\logdash\backoffice_backend\reporting\application\service\ReportingApplicationService.class
br\com\logdash\backoffice_backend\communication\presentation\websocket\ChatWebSocketController.class
br\com\logdash\backoffice_backend\delivery\domain\model\Courier.class
br\com\logdash\backoffice_backend\orders\application\dto\CreateOrderRequest$OrderItemRequest.class
br\com\logdash\backoffice_backend\communication\infrastructure\persistence\ChatChannelJpaRepository.class
br\com\logdash\backoffice_backend\communication\infrastructure\persistence\MessageRepositoryImpl.class
br\com\logdash\backoffice_backend\orders\domain\model\Order$1.class
br\com\logdash\backoffice_backend\orders\application\dto\OrderResponse$OrderResponseBuilder.class
br\com\logdash\backoffice_backend\orders\domain\model\Order.class
br\com\logdash\backoffice_backend\shared\application\exception\ErrorResponse.class
br\com\logdash\backoffice_backend\reporting\application\dto\DashboardResponse$TopProductResponse$TopProductResponseBuilder.class
br\com\logdash\backoffice_backend\delivery\application\dto\DeliveryResponse$DeliveryResponseBuilder.class
br\com\logdash\backoffice_backend\delivery\domain\valueobject\Location.class
br\com\logdash\backoffice_backend\communication\domain\valueobject\MessageStatus.class
br\com\logdash\backoffice_backend\orders\domain\valueobject\OrderStatus.class
br\com\logdash\backoffice_backend\catalog\domain\model\Category.class
