C:\Users\igor.bittencourt\Proton Drive\igorobm\My files\repo\ProjetoIntegrador12026\backoffice-backend\src\main\java\br\com\logdash\backoffice_backend\catalog\application\dto\CategoryRequest.java
C:\Users\igor.bittencourt\Proton Drive\igorobm\My files\repo\ProjetoIntegrador12026\backoffice-backend\src\main\java\br\com\logdash\backoffice_backend\catalog\application\dto\CategoryResponse.java
C:\Users\igor.bittencourt\Proton Drive\igorobm\My files\repo\ProjetoIntegrador12026\backoffice-backend\src\main\java\br\com\logdash\backoffice_backend\catalog\application\dto\ProductRequest.java
C:\Users\igor.bittencourt\Proton Drive\igorobm\My files\repo\ProjetoIntegrador12026\backoffice-backend\src\main\java\br\com\logdash\backoffice_backend\catalog\application\dto\ProductResponse.java
C:\Users\igor.bittencourt\Proton Drive\igorobm\My files\repo\ProjetoIntegrador12026\backoffice-backend\src\main\java\br\com\logdash\backoffice_backend\catalog\application\service\ProductApplicationService.java
C:\Users\igor.bittencourt\Proton Drive\igorobm\My files\repo\ProjetoIntegrador12026\backoffice-backend\src\main\java\br\com\logdash\backoffice_backend\catalog\domain\event\ProductCreatedEvent.java
C:\Users\igor.bittencourt\Proton Drive\igorobm\My files\repo\ProjetoIntegrador12026\backoffice-backend\src\main\java\br\com\logdash\backoffice_backend\catalog\domain\event\StockChangedEvent.java
C:\Users\igor.bittencourt\Proton Drive\igorobm\My files\repo\ProjetoIntegrador12026\backoffice-backend\src\main\java\br\com\logdash\backoffice_backend\catalog\domain\model\Category.java
C:\Users\igor.bittencourt\Proton Drive\igorobm\My files\repo\ProjetoIntegrador12026\backoffice-backend\src\main\java\br\com\logdash\backoffice_backend\catalog\domain\model\Product.java
C:\Users\igor.bittencourt\Proton Drive\igorobm\My files\repo\ProjetoIntegrador12026\backoffice-backend\src\main\java\br\com\logdash\backoffice_backend\catalog\domain\model\Stock.java
C:\Users\igor.bittencourt\Proton Drive\igorobm\My files\repo\ProjetoIntegrador12026\backoffice-backend\src\main\java\br\com\logdash\backoffice_backend\catalog\domain\repository\CategoryRepository.java
C:\Users\igor.bittencourt\Proton Drive\igorobm\My files\repo\ProjetoIntegrador12026\backoffice-backend\src\main\java\br\com\logdash\backoffice_backend\catalog\domain\repository\ProductRepository.java
C:\Users\igor.bittencourt\Proton Drive\igorobm\My files\repo\ProjetoIntegrador12026\backoffice-backend\src\main\java\br\com\logdash\backoffice_backend\catalog\domain\service\ProductDomainService.java
C:\Users\igor.bittencourt\Proton Drive\igorobm\My files\repo\ProjetoIntegrador12026\backoffice-backend\src\main\java\br\com\logdash\backoffice_backend\catalog\domain\valueobject\Money.java
C:\Users\igor.bittencourt\Proton Drive\igorobm\My files\repo\ProjetoIntegrador12026\backoffice-backend\src\main\java\br\com\logdash\backoffice_backend\catalog\domain\valueobject\ProductImage.java
C:\Users\igor.bittencourt\Proton Drive\igorobm\My files\repo\ProjetoIntegrador12026\backoffice-backend\src\main\java\br\com\logdash\backoffice_backend\catalog\domain\valueobject\ProductStatus.java
C:\Users\igor.bittencourt\Proton Drive\igorobm\My files\repo\ProjetoIntegrador12026\backoffice-backend\src\main\java\br\com\logdash\backoffice_backend\catalog\infrastructure\listener\CatalogEventListener.java
C:\Users\igor.bittencourt\Proton Drive\igorobm\My files\repo\ProjetoIntegrador12026\backoffice-backend\src\main\java\br\com\logdash\backoffice_backend\catalog\infrastructure\persistence\CategoryJpaRepository.java
C:\Users\igor.bittencourt\Proton Drive\igorobm\My files\repo\ProjetoIntegrador12026\backoffice-backend\src\main\java\br\com\logdash\backoffice_backend\catalog\infrastructure\persistence\CategoryRepositoryImpl.java
C:\Users\igor.bittencourt\Proton Drive\igorobm\My files\repo\ProjetoIntegrador12026\backoffice-backend\src\main\java\br\com\logdash\backoffice_backend\catalog\infrastructure\persistence\ProductJpaRepository.java
C:\Users\igor.bittencourt\Proton Drive\igorobm\My files\repo\ProjetoIntegrador12026\backoffice-backend\src\main\java\br\com\logdash\backoffice_backend\catalog\infrastructure\persistence\ProductRepositoryImpl.java
C:\Users\igor.bittencourt\Proton Drive\igorobm\My files\repo\ProjetoIntegrador12026\backoffice-backend\src\main\java\br\com\logdash\backoffice_backend\catalog\presentation\controller\ProductController.java
C:\Users\igor.bittencourt\Proton Drive\igorobm\My files\repo\ProjetoIntegrador12026\backoffice-backend\src\main\java\br\com\logdash\backoffice_backend\communication\application\dto\ChatChannelResponse.java
C:\Users\igor.bittencourt\Proton Drive\igorobm\My files\repo\ProjetoIntegrador12026\backoffice-backend\src\main\java\br\com\logdash\backoffice_backend\communication\application\dto\MessageResponse.java
C:\Users\igor.bittencourt\Proton Drive\igorobm\My files\repo\ProjetoIntegrador12026\backoffice-backend\src\main\java\br\com\logdash\backoffice_backend\communication\application\dto\SendMessageRequest.java
C:\Users\igor.bittencourt\Proton Drive\igorobm\My files\repo\ProjetoIntegrador12026\backoffice-backend\src\main\java\br\com\logdash\backoffice_backend\communication\application\service\ChatApplicationService.java
C:\Users\igor.bittencourt\Proton Drive\igorobm\My files\repo\ProjetoIntegrador12026\backoffice-backend\src\main\java\br\com\logdash\backoffice_backend\communication\domain\event\ChatChannelCreatedEvent.java
C:\Users\igor.bittencourt\Proton Drive\igorobm\My files\repo\ProjetoIntegrador12026\backoffice-backend\src\main\java\br\com\logdash\backoffice_backend\communication\domain\event\MessageSentEvent.java
C:\Users\igor.bittencourt\Proton Drive\igorobm\My files\repo\ProjetoIntegrador12026\backoffice-backend\src\main\java\br\com\logdash\backoffice_backend\communication\domain\model\ChatChannel.java
C:\Users\igor.bittencourt\Proton Drive\igorobm\My files\repo\ProjetoIntegrador12026\backoffice-backend\src\main\java\br\com\logdash\backoffice_backend\communication\domain\model\Message.java
C:\Users\igor.bittencourt\Proton Drive\igorobm\My files\repo\ProjetoIntegrador12026\backoffice-backend\src\main\java\br\com\logdash\backoffice_backend\communication\domain\repository\ChatChannelRepository.java
C:\Users\igor.bittencourt\Proton Drive\igorobm\My files\repo\ProjetoIntegrador12026\backoffice-backend\src\main\java\br\com\logdash\backoffice_backend\communication\domain\repository\MessageRepository.java
C:\Users\igor.bittencourt\Proton Drive\igorobm\My files\repo\ProjetoIntegrador12026\backoffice-backend\src\main\java\br\com\logdash\backoffice_backend\communication\domain\service\ChatDomainService.java
C:\Users\igor.bittencourt\Proton Drive\igorobm\My files\repo\ProjetoIntegrador12026\backoffice-backend\src\main\java\br\com\logdash\backoffice_backend\communication\domain\valueobject\MessageStatus.java
C:\Users\igor.bittencourt\Proton Drive\igorobm\My files\repo\ProjetoIntegrador12026\backoffice-backend\src\main\java\br\com\logdash\backoffice_backend\communication\domain\valueobject\Participant.java
C:\Users\igor.bittencourt\Proton Drive\igorobm\My files\repo\ProjetoIntegrador12026\backoffice-backend\src\main\java\br\com\logdash\backoffice_backend\communication\domain\valueobject\ParticipantType.java
C:\Users\igor.bittencourt\Proton Drive\igorobm\My files\repo\ProjetoIntegrador12026\backoffice-backend\src\main\java\br\com\logdash\backoffice_backend\communication\infrastructure\listener\CommunicationEventListener.java
C:\Users\igor.bittencourt\Proton Drive\igorobm\My files\repo\ProjetoIntegrador12026\backoffice-backend\src\main\java\br\com\logdash\backoffice_backend\communication\infrastructure\persistence\ChatChannelJpaRepository.java
C:\Users\igor.bittencourt\Proton Drive\igorobm\My files\repo\ProjetoIntegrador12026\backoffice-backend\src\main\java\br\com\logdash\backoffice_backend\communication\infrastructure\persistence\ChatChannelRepositoryImpl.java
C:\Users\igor.bittencourt\Proton Drive\igorobm\My files\repo\ProjetoIntegrador12026\backoffice-backend\src\main\java\br\com\logdash\backoffice_backend\communication\infrastructure\persistence\MessageJpaRepository.java
C:\Users\igor.bittencourt\Proton Drive\igorobm\My files\repo\ProjetoIntegrador12026\backoffice-backend\src\main\java\br\com\logdash\backoffice_backend\communication\infrastructure\persistence\MessageRepositoryImpl.java
C:\Users\igor.bittencourt\Proton Drive\igorobm\My files\repo\ProjetoIntegrador12026\backoffice-backend\src\main\java\br\com\logdash\backoffice_backend\communication\presentation\controller\ChatController.java
C:\Users\igor.bittencourt\Proton Drive\igorobm\My files\repo\ProjetoIntegrador12026\backoffice-backend\src\main\java\br\com\logdash\backoffice_backend\communication\presentation\websocket\ChatWebSocketController.java
C:\Users\igor.bittencourt\Proton Drive\igorobm\My files\repo\ProjetoIntegrador12026\backoffice-backend\src\main\java\br\com\logdash\backoffice_backend\delivery\application\dto\CourierRequest.java
C:\Users\igor.bittencourt\Proton Drive\igorobm\My files\repo\ProjetoIntegrador12026\backoffice-backend\src\main\java\br\com\logdash\backoffice_backend\delivery\application\dto\CourierResponse.java
C:\Users\igor.bittencourt\Proton Drive\igorobm\My files\repo\ProjetoIntegrador12026\backoffice-backend\src\main\java\br\com\logdash\backoffice_backend\delivery\application\dto\CreateDeliveryRequest.java
C:\Users\igor.bittencourt\Proton Drive\igorobm\My files\repo\ProjetoIntegrador12026\backoffice-backend\src\main\java\br\com\logdash\backoffice_backend\delivery\application\dto\DeliveryResponse.java
C:\Users\igor.bittencourt\Proton Drive\igorobm\My files\repo\ProjetoIntegrador12026\backoffice-backend\src\main\java\br\com\logdash\backoffice_backend\delivery\application\service\DeliveryApplicationService.java
C:\Users\igor.bittencourt\Proton Drive\igorobm\My files\repo\ProjetoIntegrador12026\backoffice-backend\src\main\java\br\com\logdash\backoffice_backend\delivery\domain\event\CourierRegisteredEvent.java
C:\Users\igor.bittencourt\Proton Drive\igorobm\My files\repo\ProjetoIntegrador12026\backoffice-backend\src\main\java\br\com\logdash\backoffice_backend\delivery\domain\event\DeliveryAssignedEvent.java
C:\Users\igor.bittencourt\Proton Drive\igorobm\My files\repo\ProjetoIntegrador12026\backoffice-backend\src\main\java\br\com\logdash\backoffice_backend\delivery\domain\event\DeliveryCompletedEvent.java
C:\Users\igor.bittencourt\Proton Drive\igorobm\My files\repo\ProjetoIntegrador12026\backoffice-backend\src\main\java\br\com\logdash\backoffice_backend\delivery\domain\model\Courier.java
C:\Users\igor.bittencourt\Proton Drive\igorobm\My files\repo\ProjetoIntegrador12026\backoffice-backend\src\main\java\br\com\logdash\backoffice_backend\delivery\domain\model\Delivery.java
C:\Users\igor.bittencourt\Proton Drive\igorobm\My files\repo\ProjetoIntegrador12026\backoffice-backend\src\main\java\br\com\logdash\backoffice_backend\delivery\domain\repository\CourierRepository.java
C:\Users\igor.bittencourt\Proton Drive\igorobm\My files\repo\ProjetoIntegrador12026\backoffice-backend\src\main\java\br\com\logdash\backoffice_backend\delivery\domain\repository\DeliveryRepository.java
C:\Users\igor.bittencourt\Proton Drive\igorobm\My files\repo\ProjetoIntegrador12026\backoffice-backend\src\main\java\br\com\logdash\backoffice_backend\delivery\domain\service\DeliveryDomainService.java
C:\Users\igor.bittencourt\Proton Drive\igorobm\My files\repo\ProjetoIntegrador12026\backoffice-backend\src\main\java\br\com\logdash\backoffice_backend\delivery\domain\valueobject\CourierStatus.java
C:\Users\igor.bittencourt\Proton Drive\igorobm\My files\repo\ProjetoIntegrador12026\backoffice-backend\src\main\java\br\com\logdash\backoffice_backend\delivery\domain\valueobject\DeliveryStatus.java
C:\Users\igor.bittencourt\Proton Drive\igorobm\My files\repo\ProjetoIntegrador12026\backoffice-backend\src\main\java\br\com\logdash\backoffice_backend\delivery\domain\valueobject\Location.java
C:\Users\igor.bittencourt\Proton Drive\igorobm\My files\repo\ProjetoIntegrador12026\backoffice-backend\src\main\java\br\com\logdash\backoffice_backend\delivery\domain\valueobject\Vehicle.java
C:\Users\igor.bittencourt\Proton Drive\igorobm\My files\repo\ProjetoIntegrador12026\backoffice-backend\src\main\java\br\com\logdash\backoffice_backend\delivery\infrastructure\listener\DeliveryEventListener.java
C:\Users\igor.bittencourt\Proton Drive\igorobm\My files\repo\ProjetoIntegrador12026\backoffice-backend\src\main\java\br\com\logdash\backoffice_backend\delivery\infrastructure\persistence\CourierJpaRepository.java
C:\Users\igor.bittencourt\Proton Drive\igorobm\My files\repo\ProjetoIntegrador12026\backoffice-backend\src\main\java\br\com\logdash\backoffice_backend\delivery\infrastructure\persistence\CourierRepositoryImpl.java
C:\Users\igor.bittencourt\Proton Drive\igorobm\My files\repo\ProjetoIntegrador12026\backoffice-backend\src\main\java\br\com\logdash\backoffice_backend\delivery\infrastructure\persistence\DeliveryJpaRepository.java
C:\Users\igor.bittencourt\Proton Drive\igorobm\My files\repo\ProjetoIntegrador12026\backoffice-backend\src\main\java\br\com\logdash\backoffice_backend\delivery\infrastructure\persistence\DeliveryRepositoryImpl.java
C:\Users\igor.bittencourt\Proton Drive\igorobm\My files\repo\ProjetoIntegrador12026\backoffice-backend\src\main\java\br\com\logdash\backoffice_backend\delivery\presentation\controller\CourierController.java
C:\Users\igor.bittencourt\Proton Drive\igorobm\My files\repo\ProjetoIntegrador12026\backoffice-backend\src\main\java\br\com\logdash\backoffice_backend\delivery\presentation\controller\DeliveryController.java
C:\Users\igor.bittencourt\Proton Drive\igorobm\My files\repo\ProjetoIntegrador12026\backoffice-backend\src\main\java\br\com\logdash\backoffice_backend\orders\application\dto\CreateOrderRequest.java
C:\Users\igor.bittencourt\Proton Drive\igorobm\My files\repo\ProjetoIntegrador12026\backoffice-backend\src\main\java\br\com\logdash\backoffice_backend\orders\application\dto\OrderResponse.java
C:\Users\igor.bittencourt\Proton Drive\igorobm\My files\repo\ProjetoIntegrador12026\backoffice-backend\src\main\java\br\com\logdash\backoffice_backend\orders\application\dto\RejectOrderRequest.java
C:\Users\igor.bittencourt\Proton Drive\igorobm\My files\repo\ProjetoIntegrador12026\backoffice-backend\src\main\java\br\com\logdash\backoffice_backend\orders\application\service\OrderApplicationService.java
C:\Users\igor.bittencourt\Proton Drive\igorobm\My files\repo\ProjetoIntegrador12026\backoffice-backend\src\main\java\br\com\logdash\backoffice_backend\orders\domain\event\OrderAcceptedEvent.java
C:\Users\igor.bittencourt\Proton Drive\igorobm\My files\repo\ProjetoIntegrador12026\backoffice-backend\src\main\java\br\com\logdash\backoffice_backend\orders\domain\event\OrderCreatedEvent.java
C:\Users\igor.bittencourt\Proton Drive\igorobm\My files\repo\ProjetoIntegrador12026\backoffice-backend\src\main\java\br\com\logdash\backoffice_backend\orders\domain\event\OrderRejectedEvent.java
C:\Users\igor.bittencourt\Proton Drive\igorobm\My files\repo\ProjetoIntegrador12026\backoffice-backend\src\main\java\br\com\logdash\backoffice_backend\orders\domain\event\OrderStatusChangedEvent.java
C:\Users\igor.bittencourt\Proton Drive\igorobm\My files\repo\ProjetoIntegrador12026\backoffice-backend\src\main\java\br\com\logdash\backoffice_backend\orders\domain\model\Order.java
C:\Users\igor.bittencourt\Proton Drive\igorobm\My files\repo\ProjetoIntegrador12026\backoffice-backend\src\main\java\br\com\logdash\backoffice_backend\orders\domain\model\OrderItem.java
C:\Users\igor.bittencourt\Proton Drive\igorobm\My files\repo\ProjetoIntegrador12026\backoffice-backend\src\main\java\br\com\logdash\backoffice_backend\orders\domain\repository\OrderRepository.java
C:\Users\igor.bittencourt\Proton Drive\igorobm\My files\repo\ProjetoIntegrador12026\backoffice-backend\src\main\java\br\com\logdash\backoffice_backend\orders\domain\service\OrderDomainService.java
C:\Users\igor.bittencourt\Proton Drive\igorobm\My files\repo\ProjetoIntegrador12026\backoffice-backend\src\main\java\br\com\logdash\backoffice_backend\orders\domain\valueobject\Address.java
C:\Users\igor.bittencourt\Proton Drive\igorobm\My files\repo\ProjetoIntegrador12026\backoffice-backend\src\main\java\br\com\logdash\backoffice_backend\orders\domain\valueobject\CustomerInfo.java
C:\Users\igor.bittencourt\Proton Drive\igorobm\My files\repo\ProjetoIntegrador12026\backoffice-backend\src\main\java\br\com\logdash\backoffice_backend\orders\domain\valueobject\OrderStatus.java
C:\Users\igor.bittencourt\Proton Drive\igorobm\My files\repo\ProjetoIntegrador12026\backoffice-backend\src\main\java\br\com\logdash\backoffice_backend\orders\infrastructure\listener\OrderEventListener.java
C:\Users\igor.bittencourt\Proton Drive\igorobm\My files\repo\ProjetoIntegrador12026\backoffice-backend\src\main\java\br\com\logdash\backoffice_backend\orders\infrastructure\persistence\OrderJpaRepository.java
C:\Users\igor.bittencourt\Proton Drive\igorobm\My files\repo\ProjetoIntegrador12026\backoffice-backend\src\main\java\br\com\logdash\backoffice_backend\orders\infrastructure\persistence\OrderRepositoryImpl.java
C:\Users\igor.bittencourt\Proton Drive\igorobm\My files\repo\ProjetoIntegrador12026\backoffice-backend\src\main\java\br\com\logdash\backoffice_backend\orders\presentation\controller\OrderController.java
C:\Users\igor.bittencourt\Proton Drive\igorobm\My files\repo\ProjetoIntegrador12026\backoffice-backend\src\main\java\br\com\logdash\backoffice_backend\reporting\application\dto\DashboardResponse.java
C:\Users\igor.bittencourt\Proton Drive\igorobm\My files\repo\ProjetoIntegrador12026\backoffice-backend\src\main\java\br\com\logdash\backoffice_backend\reporting\application\dto\SalesReportResponse.java
C:\Users\igor.bittencourt\Proton Drive\igorobm\My files\repo\ProjetoIntegrador12026\backoffice-backend\src\main\java\br\com\logdash\backoffice_backend\reporting\application\service\ReportingApplicationService.java
C:\Users\igor.bittencourt\Proton Drive\igorobm\My files\repo\ProjetoIntegrador12026\backoffice-backend\src\main\java\br\com\logdash\backoffice_backend\reporting\domain\model\SalesReport.java
C:\Users\igor.bittencourt\Proton Drive\igorobm\My files\repo\ProjetoIntegrador12026\backoffice-backend\src\main\java\br\com\logdash\backoffice_backend\reporting\infrastructure\persistence\ReportingRepository.java
C:\Users\igor.bittencourt\Proton Drive\igorobm\My files\repo\ProjetoIntegrador12026\backoffice-backend\src\main\java\br\com\logdash\backoffice_backend\reporting\presentation\controller\ReportingController.java
C:\Users\igor.bittencourt\Proton Drive\igorobm\My files\repo\ProjetoIntegrador12026\backoffice-backend\src\main\java\br\com\logdash\backoffice_backend\shared\application\exception\ErrorResponse.java
C:\Users\igor.bittencourt\Proton Drive\igorobm\My files\repo\ProjetoIntegrador12026\backoffice-backend\src\main\java\br\com\logdash\backoffice_backend\shared\application\exception\GlobalExceptionHandler.java
C:\Users\igor.bittencourt\Proton Drive\igorobm\My files\repo\ProjetoIntegrador12026\backoffice-backend\src\main\java\br\com\logdash\backoffice_backend\shared\application\exception\InvalidStateException.java
C:\Users\igor.bittencourt\Proton Drive\igorobm\My files\repo\ProjetoIntegrador12026\backoffice-backend\src\main\java\br\com\logdash\backoffice_backend\shared\application\exception\ResourceNotFoundException.java
C:\Users\igor.bittencourt\Proton Drive\igorobm\My files\repo\ProjetoIntegrador12026\backoffice-backend\src\main\java\br\com\logdash\backoffice_backend\shared\domain\DomainEvent.java
C:\Users\igor.bittencourt\Proton Drive\igorobm\My files\repo\ProjetoIntegrador12026\backoffice-backend\src\main\java\br\com\logdash\backoffice_backend\shared\domain\ValueObject.java
C:\Users\igor.bittencourt\Proton Drive\igorobm\My files\repo\ProjetoIntegrador12026\backoffice-backend\src\main\java\br\com\logdash\backoffice_backend\shared\infrastructure\config\DatabaseConfig.java
C:\Users\igor.bittencourt\Proton Drive\igorobm\My files\repo\ProjetoIntegrador12026\backoffice-backend\src\main\java\br\com\logdash\backoffice_backend\shared\infrastructure\config\SecurityConfig.java
C:\Users\igor.bittencourt\Proton Drive\igorobm\My files\repo\ProjetoIntegrador12026\backoffice-backend\src\main\java\br\com\logdash\backoffice_backend\shared\infrastructure\config\WebSocketConfig.java
C:\Users\igor.bittencourt\Proton Drive\igorobm\My files\repo\ProjetoIntegrador12026\backoffice-backend\src\main\java\br\com\logdash\backoffice_backend\shared\infrastructure\event\DomainEventPublisher.java
C:\Users\igor.bittencourt\Proton Drive\igorobm\My files\repo\ProjetoIntegrador12026\backoffice-backend\src\main\java\br\com\logdash\backoffice_backend\Startup.java
